###############################################################################
#
# IAR C/C++ Compiler V7.21.1.1000/W32 for MSP430          18/Feb/2022  18:38:36
# Copyright 1996-2021 IAR Systems AB.
# PC-locked license - IAR Embedded Workbench for MSP430, 8K KickStart Edition 7.21
#
#    __rt_version  =  3
#    __double_size =  32
#    __reg_r4      =  free
#    __reg_r5      =  free
#    __pic         =  no
#    __core        =  430X
#    __data_model  =  small
#    __code_model  =  large
#    Source file   =  C:\Users\mwg22\OneDrive\Desktop\ECE306-Project\led.c
#    Command line  =  
#        -f C:\Users\mwg22\AppData\Local\Temp\EW7B57.tmp
#        (C:\Users\mwg22\OneDrive\Desktop\ECE306-Project\led.c -lC
#        C:\Users\mwg22\OneDrive\Desktop\ECE306-Project\Debug\List -o
#        C:\Users\mwg22\OneDrive\Desktop\ECE306-Project\Debug\Obj --no_cse
#        --no_unroll --no_inline --no_code_motion --no_tbaa --debug
#        -D__MSP430FR2355__ -e --double=32 --dlib_config "C:\Program Files
#        (x86)\IAR Systems\Embedded Workbench 8.5\430\lib\dlib\dl430xlsfn.h" -I
#        ./ --core=430X --data_model=small -On --multiplier=32
#        --hw_workaround=CPU40 --code_model=large)
#    Locale        =  English_USA.1252
#    List file     =  
#        C:\Users\mwg22\OneDrive\Desktop\ECE306-Project\Debug\List\led.lst
#    Object file   =  
#        C:\Users\mwg22\OneDrive\Desktop\ECE306-Project\Debug\Obj\led.r43
#
###############################################################################

C:\Users\mwg22\OneDrive\Desktop\ECE306-Project\led.c
      1          #include "msp430.h"

   \                                 In  segment DATA16_AN, at 0x202
   \   union <unnamed> _A_PAOUT_L
   \                     _A_PAOUT_L:
   \   000000                DS8 2

   \                                 In  segment DATA16_AN, at 0x242
   \   union <unnamed> _A_PCOUT_L
   \                     _A_PCOUT_L:
   \   000000                DS8 2
      2          #include "ports.h"
      3          
      4          /// Functions

   \                                 In  segment CODE, align 2
      5          void Init_LEDs(void){
   \                     Init_LEDs:
      6          // Turns on both LEDs
      7            P1OUT &= ~RED_LED;
   \   000000   D2C30202     BIC.B   #0x1, &0x202
      8            P6OUT &= ~GRN_LED;
   \   000004   F2C040004302 BIC.B   #0x40, &0x243
      9          }
   \   00000A   1001         RETA
   \   00000C                REQUIRE _A_PAOUT_L
   \   00000C                REQUIRE _A_PCOUT_L
     10          

   Maximum stack usage in bytes:

   CSTACK Function
   ------ --------
      4   Init_LEDs


   Segment part sizes:

   Bytes  Function/Label
   -----  --------------
      12  Init_LEDs
       2  _A_PAOUT_L
       2  _A_PCOUT_L

 
 12 bytes in segment CODE
  4 bytes in segment DATA16_AN
 
 12 bytes of CODE memory
  0 bytes of DATA memory (+ 4 bytes shared)

Errors: none
Warnings: none
