################################################################################
#                                                                              #
#      IAR Universal Linker V6.6.2.104                                         #
#                                                                              #
#           Link time     =  21/Feb/2022  13:20:35                             #
#           Target CPU    =  MSP430                                            #
#           List file     =  C:\Users\mwg22\OneDrive\Desktop\ECE306-Project\De #
#                            bug\List\project.map                              #
#           Output file 1 =  C:\Users\mwg22\OneDrive\Desktop\ECE306-Project\De #
#                            bug\Exe\project.d43                               #
#                            Format: ubrof10                                   #
#                            UBROF version 10.0.6                              #
#                            Using library modules for C-SPY (-rt)             #
#           Command line  =  -f C:\Users\mwg22\AppData\Local\Temp\EW323C.tmp   #
#                            (C:\Users\mwg22\OneDrive\Desktop\ECE306-Project\D #
#                            ebug\Obj\clocks.r43                               #
#                            C:\Users\mwg22\OneDrive\Desktop\ECE306-Project\De #
#                            bug\Obj\display.r43                               #
#                            C:\Users\mwg22\OneDrive\Desktop\ECE306-Project\De #
#                            bug\Obj\init.r43                                  #
#                            C:\Users\mwg22\OneDrive\Desktop\ECE306-Project\De #
#                            bug\Obj\interrupts.r43                            #
#                            C:\Users\mwg22\OneDrive\Desktop\ECE306-Project\Co #
#                            mpiled\LCD.r43                                    #
#                            C:\Users\mwg22\OneDrive\Desktop\ECE306-Project\De #
#                            bug\Obj\led.r43                                   #
#                            C:\Users\mwg22\OneDrive\Desktop\ECE306-Project\De #
#                            bug\Obj\main.r43                                  #
#                            C:\Users\mwg22\OneDrive\Desktop\ECE306-Project\De #
#                            bug\Obj\ports.r43                                 #
#                            C:\Users\mwg22\OneDrive\Desktop\ECE306-Project\De #
#                            bug\Obj\program.r43                               #
#                            C:\Users\mwg22\OneDrive\Desktop\ECE306-Project\De #
#                            bug\Obj\switches.r43                              #
#                            C:\Users\mwg22\OneDrive\Desktop\ECE306-Project\De #
#                            bug\Obj\system.r43                                #
#                            C:\Users\mwg22\OneDrive\Desktop\ECE306-Project\Co #
#                            mpiled\timersB0.r43                               #
#                            C:\Users\mwg22\OneDrive\Desktop\ECE306-Project\De #
#                            bug\Obj\wheels.r43                                #
#                            -o                                                #
#                            C:\Users\mwg22\OneDrive\Desktop\ECE306-Project\De #
#                            bug\Exe\project.d43                               #
#                            -l                                                #
#                            C:\Users\mwg22\OneDrive\Desktop\ECE306-Project\De #
#                            bug\List\project.map                              #
#                            -xesni                                            #
#                            "-IC:\Program Files (x86)\IAR Systems\Embedded Wo #
#                            rkbench 8.5\430\LIB\\"                            #
#                            -f                                                #
#                            "C:\Program Files (x86)\IAR Systems\Embedded Work #
#                            bench 8.5\430\config\linker\lnk430fr2355.xcl"     #
#                            (-cmsp430 -QCODE_I=CODE_ID -QTLS16_I=TLS16_ID     #
#                            -D__iar_HWMUL=4C0 -Z(CONST)INFO=1800-19FF         #
#                            -Z(DATA)TINYRAM=0006-001F                         #
#                            -Z(DATA)DATA16_I,DATA16_Z,DATA16_N,TLS16_I=2000-2 #
#                            FFF                                               #
#                            -Z(DATA)CODE_I                                    #
#                            -Z(DATA)DATA20_I,DATA20_Z,DATA20_N                #
#                            -Z(DATA)CSTACK+_STACK_SIZE#                       #
#                            -Z(CONST)FRWP_B1,DATA16_P,DATA20_P=8000-FF7F      #
#                            -Z(DATA)DATA16_HEAP+_DATA16_HEAP_SIZE,DATA20_HEAP #
#                            +_DATA20_HEAP_SIZE,FRWP_B2                        #
#                            -Z(CONST)DATA16_C,DATA16_ID,TLS16_ID,DIFUNCT,CHEC #
#                            KSUM=8000-FF7F                                    #
#                            -Z(CONST)DATA20_C,DATA20_ID                       #
#                            -Z(CODE)CSTART,ISR_CODE,CODE_ID=8000-FF7F         #
#                            -P(CODE)CODE,CODE16=8000-FF7F                     #
#                            -Z(CONST)BSLCONFIGURATIONSIGNATURE=FF88-FF89      #
#                            -Z(CONST)BSLCONFIGURATION=FF8A-FF8B               #
#                            -Z(CONST)BSLI2CADDRESS=FFA0-FFA1                  #
#                            -Z(CONST)JTAGSIGNATURE=FF80-FF83                  #
#                            -Z(CONST)BSLSIGNATURE=FF84-FF87                   #
#                            -Z(CODE)INTVEC=FFA2-FFFF                          #
#                            -Z(CODE)RESET=FFFE-FFFF) -f                       #
#                            "C:\Program Files (x86)\IAR Systems\Embedded Work #
#                            bench 8.5\430\config\linker\multiplier32.xcl"     #
#                            (-e?Mul8Hw=?Mul8 -e?Mul16Hw=?Mul16                #
#                            -e?Mul16to32uHw=?Mul16to32u                       #
#                            -e?Mul16to32sHw=?Mul16to32s -e?Mul32Hw32=?Mul32   #
#                            -e?Mul64Hw32=_Mul64i                              #
#                            -e?Mul32u32uto64iHw32=_Mul32u32uto64i             #
#                            -e?Mul32fHw32=_Mul32f                             #
#                            -e_Mul64fHw32Ptr=_Mul64fPtr) -D_STACK_SIZE=A0     #
#                            -rt                                               #
#                            "C:\Program Files (x86)\IAR Systems\Embedded Work #
#                            bench 8.5\430\lib\dlib\dl430xlsfn.r43"            #
#                            -e_PrintfLarge=_Printf -e_ScanfLarge=_Scanf       #
#                            -D_DATA16_HEAP_SIZE=A0 -s __program_start         #
#                            -D_DATA20_HEAP_SIZE=50)                           #
#                                                                              #
#                           Copyright (C) 1987-2019 IAR Systems AB.            #
################################################################################





                ****************************************
                *                                      *
                *           CROSS REFERENCE            *
                *                                      *
                ****************************************

       Program entry at :           80BA  Relocatable, from module : ?cstart




                ****************************************
                *                                      *
                *            RUNTIME MODEL             *
                *                                      *
                ****************************************

  __Heap_Handler             = Basic
  __SystemLibrary            = DLib
  __code_model               = large
  __core                     = 430X
  __data_model               = small
  __dlib_file_descriptor     = 0
  __dlib_full_locale_support = 0
  __double_size              = 32
  __pic                      = no
  __reg_r4                   = free
  __reg_r5                   = free
  __rt_version               = 3

                ****************************************
                *                                      *
                *    AUTOMATIC SYMBOL REDIRECTIONS     *
                *                                      *
                ****************************************

                  There are no automatic symbol redirections.

                ****************************************
                *                                      *
                *              ENTRY LIST              *
                *                                      *
                ****************************************

Module  Entry                              Address
------  -----                              -------
?FILLER_BYTES
?ABS_ENTRY_MOD
        _DATA20_HEAP_SIZE                   0050
        _DATA16_HEAP_SIZE                   00A0
        _STACK_SIZE                         00A0
        __iar_HWMUL                         04C0
clocks ( C:\Users\mwg22\OneDrive\Desktop\ECE306-Project\Debug\Obj\clocks.r43 )
        _A_CSCTL0_L                         0180
        _A_CSCTL1_L                         0182
        _A_CSCTL2_L                         0184
        _A_CSCTL3_L                         0186
        _A_CSCTL4_L                         0188
        _A_CSCTL5_L                         018A
        _A_CSCTL7_L                         018E
        _A_PM5CTL0_L                        0130
        _A_SFRIFG1_L                        0102
        _A_WDTCTL_L                         01CC
        init_clocks                         8BAE
        software_trim                       869A
        ?setjmp_save_r4                     NOT NEEDED
        ?setjmp_save_r5                     NOT NEEDED
        CSCTL0                              0180
        CSCTL0_H                            0181
        CSCTL0_L                            0180
        CSCTL1                              0182
        CSCTL1_H                            0183
        CSCTL1_L                            0182
        CSCTL2                              0184
        CSCTL2_H                            0185
        CSCTL2_L                            0184
        CSCTL3                              0186
        CSCTL3_H                            0187
        CSCTL3_L                            0186
        CSCTL4                              0188
        CSCTL4_H                            0189
        CSCTL4_L                            0188
        CSCTL5                              018A
        CSCTL5_H                            018B
        CSCTL5_L                            018A
        CSCTL7                              018E
        CSCTL7_H                            018F
        CSCTL7_L                            018E
        PM5CTL0                             0130
        PM5CTL0_H                           0131
        PM5CTL0_L                           0130
        SFRIFG1                             0102
        SFRIFG1_H                           0103
        SFRIFG1_L                           0102
        WDTCTL                              01CC
        WDTCTL_H                            01CD
        WDTCTL_L                            01CC
display ( C:\Users\mwg22\OneDrive\Desktop\ECE306-Project\Debug\Obj\display.r43 )
        display_process                     8F2E
        init_display                        8E84
        ?setjmp_save_r4                     NOT NEEDED
        ?setjmp_save_r5                     NOT NEEDED
init ( C:\Users\mwg22\OneDrive\Desktop\ECE306-Project\Debug\Obj\init.r43 )
        init_conditions                     8C6A
        ?setjmp_save_r4                     NOT NEEDED
        ?setjmp_save_r5                     NOT NEEDED
interrupts ( C:\Users\mwg22\OneDrive\Desktop\ECE306-Project\Debug\Obj\interrupts.r43 )
        ?setjmp_save_r4                     NOT NEEDED
        ?setjmp_save_r5                     NOT NEEDED
LCD ( C:\Users\mwg22\OneDrive\Desktop\ECE306-Project\Compiled\LCD.r43 )
        _A_PAOUT_L                          0202
        _A_PBOUT_L                          0222
        _A_TB0CCTL2_L                       0386
        _A_TB0CCR2_L                        0396
        _A_UCB1CTLW0_L                      05C0
        _A_UCB1BRW_L                        05C6
        _A_UCB1RXBUF_L                      05CC
        _A_UCB1TXBUF_L                      05CE
        _A_UCB1IFG_L                        05EC
        current_character                   2030
        update_display_count                NOT NEEDED
        display_update_time                 NOT NEEDED
        update_display                      2031
        display_changed                     2032
        lcd_control                         NOT NEEDED
        display_line                        2033
        display                             2008
        posi_L1                             NOT NEEDED
        posi_L2                             NOT NEEDED
        posi_L3                             NOT NEEDED
        posi_L4                             NOT NEEDED
        lcd_orient                          NOT NEEDED
        char_count                          NOT NEEDED
        current_line                        NOT NEEDED
        LCD_test                            NOT NEEDED
        spi_chipselect_idle                 9016
        spi_chipselect_active               907E
        spi_reset_idle                      90A4
        spi_reset_active                    90AA
        Display_Update                      8CBC
        enable_display_update               NOT NEEDED
        update_string                       NOT NEEDED
        Init_LCD                            8828
        lcd_4line                           NOT NEEDED
        lcd_BIG_mid                         NOT NEEDED
        lcd_BIG_bot                         NOT NEEDED
        lcd_180                             NOT NEEDED
        lcd_out                             8F0A
        lcd_puts                            NOT NEEDED
        WriteIns                            8EE2
        WriteData                           8EBA
        CheckBusy                           NOT NEEDED
        ClrDisplay                          8F88
        ClrDisplay_Buffer_0                 8F9E
        ClrDisplay_Buffer_1                 8FC6
        ClrDisplay_Buffer_2                 9002
        ClrDisplay_Buffer_3                 8FEE
        SetPostion                          NOT NEEDED
        DisplayOnOff                        8FDA
        Init_SPI_B1                         8E46
        SPI_B1_write                        8F50
        ?setjmp_save_r4                     NOT NEEDED
        ?setjmp_save_r5                     NOT NEEDED
        PAOUT                               0202
        PAOUT_H                             0203
        PAOUT_L                             0202
        PBOUT                               0222
        PBOUT_H                             0223
        PBOUT_L                             0222
        TB0CCTL2                            0386
        TB0CCTL2_H                          0387
        TB0CCTL2_L                          0386
        TB0CCR2                             0396
        TB0CCR2_H                           0397
        TB0CCR2_L                           0396
        UCB1CTLW0                           05C0
        UCB1CTLW0_H                         05C1
        UCB1CTLW0_L                         05C0
        UCB1BRW                             05C6
        UCB1BRW_H                           05C7
        UCB1BRW_L                           05C6
        UCB1RXBUF                           05CC
        UCB1RXBUF_H                         05CD
        UCB1RXBUF_L                         05CC
        UCB1TXBUF                           05CE
        UCB1TXBUF_H                         05CF
        UCB1TXBUF_L                         05CE
        UCB1IFG                             05EC
        UCB1IFG_H                           05ED
        UCB1IFG_L                           05EC
led ( C:\Users\mwg22\OneDrive\Desktop\ECE306-Project\Debug\Obj\led.r43 )
        _A_PAOUT_L                          NOT NEEDED
        _A_PCOUT_L                          0242
        Init_LEDs                           NOT NEEDED
        ?setjmp_save_r4                     NOT NEEDED
        ?setjmp_save_r5                     NOT NEEDED
        PAOUT                               0202
        PAOUT_H                             0203
        PAOUT_L                             0202
        PCOUT                               0242
        PCOUT_H                             0243
        PCOUT_L                             0242
main ( C:\Users\mwg22\OneDrive\Desktop\ECE306-Project\Debug\Obj\main.r43 )
        _A_PBOUT_L                          NOT NEEDED
        _A_PM5CTL0_L                        NOT NEEDED
        slow_input_down                     NOT NEEDED
        test_value                          NOT NEEDED
        chosen_direction                    NOT NEEDED
        change                              NOT NEEDED
        OLD_TIME_SEQUENCE                   2010
        main                                8D44
        ?setjmp_save_r4                     NOT NEEDED
        ?setjmp_save_r5                     NOT NEEDED
        PBOUT                               0222
        PBOUT_H                             0223
        PBOUT_L                             0222
        PM5CTL0                             0130
        PM5CTL0_H                           0131
        PM5CTL0_L                           0130
ports ( C:\Users\mwg22\OneDrive\Desktop\ECE306-Project\Debug\Obj\ports.r43 )
        _A_PAOUT_L                          NOT NEEDED
        _A_PADIR_L                          0204
        _A_PAREN_L                          0206
        _A_PASEL0_L                         020A
        _A_PASEL1_L                         020C
        _A_PBOUT_L                          NOT NEEDED
        _A_PBDIR_L                          0224
        _A_PBREN_L                          0226
        _A_PBSEL0_L                         022A
        _A_PBSEL1_L                         022C
        _A_PCOUT_L                          NOT NEEDED
        _A_PCDIR_L                          0244
        _A_PCSEL0_L                         024A
        _A_PCSEL1_L                         024C
        init_ports                          8F6C
        init_port1                          8B46
        init_port2                          88C4
        init_port3                          8774
        init_port4                          8AD0
        init_port5                          8D02
        init_port6                          8952
        ?setjmp_save_r4                     NOT NEEDED
        ?setjmp_save_r5                     NOT NEEDED
        PAOUT                               0202
        PAOUT_H                             0203
        PAOUT_L                             0202
        PADIR                               0204
        PADIR_H                             0205
        PADIR_L                             0204
        PAREN                               0206
        PAREN_H                             0207
        PAREN_L                             0206
        PASEL0                              020A
        PASEL0_H                            020B
        PASEL0_L                            020A
        PASEL1                              020C
        PASEL1_H                            020D
        PASEL1_L                            020C
        PBOUT                               0222
        PBOUT_H                             0223
        PBOUT_L                             0222
        PBDIR                               0224
        PBDIR_H                             0225
        PBDIR_L                             0224
        PBREN                               0226
        PBREN_H                             0227
        PBREN_L                             0226
        PBSEL0                              022A
        PBSEL0_H                            022B
        PBSEL0_L                            022A
        PBSEL1                              022C
        PBSEL1_H                            022D
        PBSEL1_L                            022C
        PCOUT                               0242
        PCOUT_H                             0243
        PCOUT_L                             0242
        PCDIR                               0244
        PCDIR_H                             0245
        PCDIR_L                             0244
        PCSEL0                              024A
        PCSEL0_H                            024B
        PCSEL0_L                            024A
        PCSEL1                              024C
        PCSEL1_H                            024D
        PCSEL1_L                            024C
program ( C:\Users\mwg22\OneDrive\Desktop\ECE306-Project\Debug\Obj\program.r43 )
        STARTUP_TIME                        2012
        CURR_EVENT                          205F
        CURR_SELECTION                      2004
        CIR_TIME                            2014
        TRI_STATE                           2060
        TRI_TIME                            2016
        TRI_NUM                             2018
        FIG8_STATE                          2061
        FIG8_TIME                           201A
        FIG8_NUM                            201C
        CIR_ROT_TIME                        8000
        TRI_SIDE_TIME                       8002
        TRI_ROT_TIME45                      8004
        FIG8_ROT_TIME                       8006
        program_start                       8156
        ?setjmp_save_r4                     NOT NEEDED
        ?setjmp_save_r5                     NOT NEEDED
switches ( C:\Users\mwg22\OneDrive\Desktop\ECE306-Project\Debug\Obj\switches.r43 )
        _A_PAIN_L                           0200
        _A_PBIN_L                           0220
        switches_process                    9094
        count_debounce_SW1                  201E
        count_debounce_SW2                  2020
        okay_to_look_at_switch1             2005
        okay_to_look_at_switch2             2006
        sw1_position                        2000
        sw2_position                        2002
        SW1_PRESSED                         2062
        switch1_process                     8E06
        SW2_PRESSED                         2063
        switch2_process                     8DC6
        get_sw1                             903A
        get_sw2                             904C
        ?setjmp_save_r4                     NOT NEEDED
        ?setjmp_save_r5                     NOT NEEDED
        PAIN                                0200
        PAIN_H                              0201
        PAIN_L                              0200
        PBIN                                0220
        PBIN_H                              0221
        PBIN_L                              0220
system ( C:\Users\mwg22\OneDrive\Desktop\ECE306-Project\Debug\Obj\system.r43 )
        enable_interrupts                   90B0
        ?setjmp_save_r4                     NOT NEEDED
        ?setjmp_save_r5                     NOT NEEDED
timersB0 ( C:\Users\mwg22\OneDrive\Desktop\ECE306-Project\Compiled\timersB0.r43 )
        _A_TB0CTL_L                         0380
        _A_TB0CCTL0_L                       0382
        _A_TB0CCTL2_L                       NOT NEEDED
        _A_TB0CCR0_L                        0392
        _A_TB0CCR1_L                        0394
        _A_TB0CCR2_L                        NOT NEEDED
        _A_TB0EX0_L                         03A0
        _A_TB0IV_L                          03AE
        five_msec_count                     2022
        Time_Sequence                       2024
        one_time                            2064
        time_pass_by                        2026
        Init_Timers                         909E
        Init_Timer_B0                       8D86
        Timer0_B0_ISR                       80E2
        TIMER0_B1_ISR                       8128
        TIMER0_B1_ISR::??INTVEC 84          FFF6
        Timer0_B0_ISR::??INTVEC 86          FFF8
        ?setjmp_save_r4                     NOT NEEDED
        ?setjmp_save_r5                     NOT NEEDED
        TB0CTL                              0380
        TB0CTL_H                            0381
        TB0CTL_L                            0380
        TB0CCTL0                            0382
        TB0CCTL0_H                          0383
        TB0CCTL0_L                          0382
        TB0CCTL2                            0386
        TB0CCTL2_H                          0387
        TB0CCTL2_L                          0386
        TB0CCR0                             0392
        TB0CCR0_H                           0393
        TB0CCR0_L                           0392
        TB0CCR1                             0394
        TB0CCR1_H                           0395
        TB0CCR1_L                           0394
        TB0CCR2                             0396
        TB0CCR2_H                           0397
        TB0CCR2_L                           0396
        TB0EX0                              03A0
        TB0EX0_H                            03A1
        TB0EX0_L                            03A0
        TB0IV                               03AE
        TB0IV_H                             03AF
        TB0IV_L                             03AE
wheels ( C:\Users\mwg22\OneDrive\Desktop\ECE306-Project\Debug\Obj\wheels.r43 )
        _A_PCOUT_L                          NOT NEEDED
        LEFT_TIME                           2028
        RIGHT_TIME                          202A
        LEFT_WHEEL_POWER                    202C
        RIGHT_WHEEL_POWER                   202E
        MAX_POWER                           8008
        WHEEL_CORRECTION_FACTOR             800A
        set_wheels_dir                      908A
        drive_car                           8A54
        ?setjmp_save_r4                     NOT NEEDED
        ?setjmp_save_r5                     NOT NEEDED
        PCOUT                               0242
        PCOUT_H                             0243
        PCOUT_L                             0242
?abort ( C:\Program Files (x86)\IAR Systems\Embedded Workbench 8.5\430\lib\dlib\dl430xlsfn.r43 )
        abort                               NOT NEEDED
?__dbg_break ( C:\Program Files (x86)\IAR Systems\Embedded Workbench 8.5\430\lib\dlib\dl430xlsfn.r43 )
        __DebugBreak                        90C2
?__dwrite ( C:\Program Files (x86)\IAR Systems\Embedded Workbench 8.5\430\lib\dlib\dl430xlsfn.r43 )
        __dwrite                            NOT NEEDED
?__exit ( C:\Program Files (x86)\IAR Systems\Embedded Workbench 8.5\430\lib\dlib\dl430xlsfn.r43 )
        __exit                              8FB2
?__write ( C:\Program Files (x86)\IAR Systems\Embedded Workbench 8.5\430\lib\dlib\dl430xlsfn.r43 )
        __write                             NOT NEEDED
?_exit ( C:\Program Files (x86)\IAR Systems\Embedded Workbench 8.5\430\lib\dlib\dl430xlsfn.r43 )
        _exit                               90BA
        __cstart_call_dtors                 NOT NEEDED
        __cstart_closeall                   NOT NEEDED
        __cstart_clearlocks                 NOT NEEDED
?cppinit ( C:\Program Files (x86)\IAR Systems\Embedded Workbench 8.5\430\lib\dlib\dl430xlsfn.r43 )
        __call_ctors                        NOT NEEDED
        __alloc_record_needed_destruction   NOT NEEDED
        __record_needed_destruction         NOT NEEDED
        __call_dtors                        NOT NEEDED
        __data16_vec_cctor                  NOT NEEDED
?cstart ( C:\Program Files (x86)\IAR Systems\Embedded Workbench 8.5\430\lib\dlib\dl430xlsfn.r43 )
        __program_start                     80BA
        ?cstart_begin                       80BA
        ?cstart_call_mpu_init               NOT NEEDED
        ?cstart_call_frwp_init              NOT NEEDED
        ?cstart_call_low_level_init         NOT NEEDED
        ?cstart_init_copy_ramfunc           NOT NEEDED
        ?cstart_init_zero                   80BE
        ?cstart_init_copy                   80CA
        ?cstart_init_zero20                 NOT NEEDED
        ?cstart_init_copy20                 NOT NEEDED
        __cstart_init_tls                   NOT NEEDED
        ?cstart_call_ctors                  NOT NEEDED
        ?cstart_call_main                   80DA
        ?cstart_end                         80E2
lowinit ( C:\Program Files (x86)\IAR Systems\Embedded Workbench 8.5\430\lib\dlib\dl430xlsfn.r43 )
        __low_level_init                    NOT NEEDED
?reset_vector ( C:\Program Files (x86)\IAR Systems\Embedded Workbench 8.5\430\lib\dlib\dl430xlsfn.r43 )
        ?reset_vector                       FFFE
?exit ( C:\Program Files (x86)\IAR Systems\Embedded Workbench 8.5\430\lib\dlib\dl430xlsfn.r43 )
        exit                                90B6
?Mul32fHw32 ( C:\Program Files (x86)\IAR Systems\Embedded Workbench 8.5\430\lib\dlib\dl430xlsfn.r43 )
        ?Mul32fHw32                         8584
?FrwpInit ( C:\Program Files (x86)\IAR Systems\Embedded Workbench 8.5\430\lib\dlib\dl430xlsfn.r43 )
        __iar_430_frwp_init                 NOT NEEDED
?Cast32f32i ( C:\Program Files (x86)\IAR Systems\Embedded Workbench 8.5\430\lib\dlib\dl430xlsfn.r43 )
        _Cast32sto32f                       NOT NEEDED
        _Cast32uto32f                       89D6
?FLT_GE ( C:\Program Files (x86)\IAR Systems\Embedded Workbench 8.5\430\lib\dlib\dl430xlsfn.r43 )
        ?FLT_GE                             8C14
?malloc ( C:\Program Files (x86)\IAR Systems\Embedded Workbench 8.5\430\lib\dlib\dl430xlsfn.r43 )
        malloc                              NOT NEEDED
?memcpy ( C:\Program Files (x86)\IAR Systems\Embedded Workbench 8.5\430\lib\dlib\dl430xlsfn.r43 )
        memcpy                              9028
?memmove ( C:\Program Files (x86)\IAR Systems\Embedded Workbench 8.5\430\lib\dlib\dl430xlsfn.r43 )
        memmove                             NOT NEEDED
?memzero ( C:\Program Files (x86)\IAR Systems\Embedded Workbench 8.5\430\lib\dlib\dl430xlsfn.r43 )
        __data16_memzero                    906E
        __data16_memcpy                     90BE
        __data16_memmove                    NOT NEEDED
?MpuInit ( C:\Program Files (x86)\IAR Systems\Embedded Workbench 8.5\430\lib\dlib\dl430xlsfn.r43 )
        __iar_430_mpu_init                  NOT NEEDED
        ?mpu1_4k_init                       NOT NEEDED
        ?mpu1_8k_init                       NOT NEEDED
        ?mpu1_16k_init                      NOT NEEDED
        ?mpu2_init                          NOT NEEDED
?setjmp ( C:\Program Files (x86)\IAR Systems\Embedded Workbench 8.5\430\lib\dlib\dl430xlsfn.r43 )
        setjmp                              NOT NEEDED
        ?setjmp_r5                          NOT NEEDED
        ?setjmp_r4                          NOT NEEDED
        ?setjmp_end                         NOT NEEDED
?longjmp ( C:\Program Files (x86)\IAR Systems\Embedded Workbench 8.5\430\lib\dlib\dl430xlsfn.r43 )
        longjmp                             NOT NEEDED
        ?longjmp_r5                         NOT NEEDED
        ?longjmp_r4                         NOT NEEDED
        ?longjmp_end                        NOT NEEDED
?IndCallR11 ( C:\Program Files (x86)\IAR Systems\Embedded Workbench 8.5\430\lib\dlib\dl430xlsfn.r43 )
        ?IndCallR11                         NOT NEEDED
?IndCallR15 ( C:\Program Files (x86)\IAR Systems\Embedded Workbench 8.5\430\lib\dlib\dl430xlsfn.r43 )
        ?IndCallR15                         NOT NEEDED
?strcpy ( C:\Program Files (x86)\IAR Systems\Embedded Workbench 8.5\430\lib\dlib\dl430xlsfn.r43 )
        strcpy                              905E
?xcloseall ( C:\Program Files (x86)\IAR Systems\Embedded Workbench 8.5\430\lib\dlib\dl430xlsfn.r43 )
        _Close_all                          NOT NEEDED
?xgetmemchunk ( C:\Program Files (x86)\IAR Systems\Embedded Workbench 8.5\430\lib\dlib\dl430xlsfn.r43 )
        __data16_GetMemChunk                NOT NEEDED
?xxmemxfree ( C:\Program Files (x86)\IAR Systems\Embedded Workbench 8.5\430\lib\dlib\dl430xlsfn.r43 )
        __data16_free                       NOT NEEDED
?xxmemxmalloc ( C:\Program Files (x86)\IAR Systems\Embedded Workbench 8.5\430\lib\dlib\dl430xlsfn.r43 )
        __data16_Aldata                     NOT NEEDED
        __data16_malloc                     NOT NEEDED
        __data16_findmem                     LOCAL, NOT NEEDED


                ****************************************
                *                                      *
                *            MODULE SUMMARY            *
                *                                      *
                ****************************************

Module               CODE      DATA      CONST
------               ----      ----      -----
                    (Rel)  (Rel)  (Abs)  (Rel)
?Cast32f32i           126
?FLT_GE                86
?Mul32fHw32           278
?__dbg_break            2
?__exit                20
?_exit                  4
?cstart                40
?exit                   4
?memcpy                18
?memzero               20
?reset_vector           2
?strcpy                16
LCD                   596     55     10
  + shared                            8
clocks                320            18
  + shared                            2
display                88                   33
init                   82
led
  + shared                            2
main                   66      2
ports                 770            22
program             1 070     16           141
switches              174     12      4      6
system                  6
timersB0              186      7     12
  + common             88
wheels                134      8             4
N/A (command line)           160
N/A (alignment)
----------          -----    ---     --    ---
Total:              4 108    260     78    184
  + common             88


                ****************************************
                *                                      *
                *      SEGMENTS IN ADDRESS ORDER       *
                *                                      *
                ****************************************


SEGMENT              SPACE    START ADDRESS   END ADDRESS     SIZE  TYPE  ALIGN
=======              =====    =============   ===========     ====  ====  =====
DATA16_AN                              0102 - 0103               2   rel    0
                                       0130 - 0131               2 
                                       0180 - 018B               C 
                                       018E - 018F               2 
                                       01CC - 01CD               2 
                                       0200 - 0207               8 
                                       020A - 020D               4 
                                       0220 - 0227               8 
                                       022A - 022D               4 
                                       0242 - 0245               4 
                                       024A - 024D               4 
                                       0380 - 0383               4 
                                       0386 - 0387               2 
                                       0392 - 0397               6 
                                       03A0 - 03A1               2 
                                       03AE - 03AF               2 
                                       05C0 - 05C1               2 
                                       05C6 - 05C7               2 
                                       05CC - 05CF               4 
                                       05EC - 05ED               2 
DATA16_I                               2000 - 2006               7   rel    1
DATA16_Z                               2008 - 2064              5D   rel    1
CODE_I                                    2066                       rel    1
DATA20_I                                  2066                       rel    1
DATA20_Z                                  2066                       rel    1
DATA20_N                                  2066                       rel    1
CSTACK                                 2F60 - 2FFF              A0   rel    1
DATA16_C                               8000 - 80B0              B1   rel    1
DATA16_ID                              80B2 - 80B8               7   rel    1
DATA20_ID                                 80BA                       rel    1
DATA20_C                                  80BA                       rel    1
CSTART                                 80BA - 80E1              28   rel    1
ISR_CODE                               80E2 - 8155              74   rel    1
CODE_ID                                   8156                       rel    1
<CODE> 1                               8156 - 90C3             F6E   rel    1
INTVEC                                 FFA2 - FFF9              58   com    1
RESET                                  FFFE - FFFF               2   rel    1

                ****************************************
                *                                      *
                *        END OF CROSS REFERENCE        *
                *                                      *
                ****************************************

 4 196 bytes of CODE  memory
   260 bytes of DATA  memory (+ 78 absolute )
   184 bytes of CONST memory

Errors: none
Warnings: none

